Archive member included to satisfy reference by file (symbol)

/usr/local/Cellar/gcc-arm-none-eabi/20160928/bin/../lib/gcc/arm-none-eabi/5.4.1/../../../../arm-none-eabi/lib/armv7e-m/fpu/libm.a(lib_a-sf_cos.o)
                              build/obj/digital_filter.o (cosf)
/usr/local/Cellar/gcc-arm-none-eabi/20160928/bin/../lib/gcc/arm-none-eabi/5.4.1/../../../../arm-none-eabi/lib/armv7e-m/fpu/libm.a(lib_a-sf_floor.o)
                              build/obj/mcpwm_foc.o (floorf)
/usr/local/Cellar/gcc-arm-none-eabi/20160928/bin/../lib/gcc/arm-none-eabi/5.4.1/../../../../arm-none-eabi/lib/armv7e-m/fpu/libm.a(lib_a-sf_frexp.o)
                              build/obj/buffer.o (frexpf)
/usr/local/Cellar/gcc-arm-none-eabi/20160928/bin/../lib/gcc/arm-none-eabi/5.4.1/../../../../arm-none-eabi/lib/armv7e-m/fpu/libm.a(lib_a-sf_ldexp.o)
                              build/obj/buffer.o (ldexpf)
/usr/local/Cellar/gcc-arm-none-eabi/20160928/bin/../lib/gcc/arm-none-eabi/5.4.1/../../../../arm-none-eabi/lib/armv7e-m/fpu/libm.a(lib_a-sf_round.o)
                              build/obj/ledpwm.o (roundf)
/usr/local/Cellar/gcc-arm-none-eabi/20160928/bin/../lib/gcc/arm-none-eabi/5.4.1/../../../../arm-none-eabi/lib/armv7e-m/fpu/libm.a(lib_a-sf_scalbn.o)
                              /usr/local/Cellar/gcc-arm-none-eabi/20160928/bin/../lib/gcc/arm-none-eabi/5.4.1/../../../../arm-none-eabi/lib/armv7e-m/fpu/libm.a(lib_a-sf_ldexp.o) (scalbnf)
/usr/local/Cellar/gcc-arm-none-eabi/20160928/bin/../lib/gcc/arm-none-eabi/5.4.1/../../../../arm-none-eabi/lib/armv7e-m/fpu/libm.a(lib_a-sf_sin.o)
                              build/obj/digital_filter.o (sinf)
/usr/local/Cellar/gcc-arm-none-eabi/20160928/bin/../lib/gcc/arm-none-eabi/5.4.1/../../../../arm-none-eabi/lib/armv7e-m/fpu/libm.a(lib_a-w_sqrt.o)
                              build/obj/digital_filter.o (sqrt)
/usr/local/Cellar/gcc-arm-none-eabi/20160928/bin/../lib/gcc/arm-none-eabi/5.4.1/../../../../arm-none-eabi/lib/armv7e-m/fpu/libm.a(lib_a-wf_asin.o)
                              build/obj/mcpwm.o (asinf)
/usr/local/Cellar/gcc-arm-none-eabi/20160928/bin/../lib/gcc/arm-none-eabi/5.4.1/../../../../arm-none-eabi/lib/armv7e-m/fpu/libm.a(lib_a-wf_atan2.o)
                              build/obj/mcpwm_foc.o (atan2f)
/usr/local/Cellar/gcc-arm-none-eabi/20160928/bin/../lib/gcc/arm-none-eabi/5.4.1/../../../../arm-none-eabi/lib/armv7e-m/fpu/libm.a(lib_a-wf_exp.o)
                              build/obj/utils.o (expf)
/usr/local/Cellar/gcc-arm-none-eabi/20160928/bin/../lib/gcc/arm-none-eabi/5.4.1/../../../../arm-none-eabi/lib/armv7e-m/fpu/libm.a(lib_a-wf_fmod.o)
                              build/obj/utils.o (fmodf)
/usr/local/Cellar/gcc-arm-none-eabi/20160928/bin/../lib/gcc/arm-none-eabi/5.4.1/../../../../arm-none-eabi/lib/armv7e-m/fpu/libm.a(lib_a-wf_log.o)
                              build/obj/mc_interface.o (logf)
/usr/local/Cellar/gcc-arm-none-eabi/20160928/bin/../lib/gcc/arm-none-eabi/5.4.1/../../../../arm-none-eabi/lib/armv7e-m/fpu/libm.a(lib_a-wf_pow.o)
                              build/obj/ledpwm.o (powf)
/usr/local/Cellar/gcc-arm-none-eabi/20160928/bin/../lib/gcc/arm-none-eabi/5.4.1/../../../../arm-none-eabi/lib/armv7e-m/fpu/libm.a(lib_a-wf_sincos.o)
                              build/obj/mcpwm_foc.o (sincosf)
/usr/local/Cellar/gcc-arm-none-eabi/20160928/bin/../lib/gcc/arm-none-eabi/5.4.1/../../../../arm-none-eabi/lib/armv7e-m/fpu/libm.a(lib_a-wf_sqrt.o)
                              build/obj/mcpwm.o (sqrtf)
/usr/local/Cellar/gcc-arm-none-eabi/20160928/bin/../lib/gcc/arm-none-eabi/5.4.1/../../../../arm-none-eabi/lib/armv7e-m/fpu/libm.a(lib_a-e_sqrt.o)
                              /usr/local/Cellar/gcc-arm-none-eabi/20160928/bin/../lib/gcc/arm-none-eabi/5.4.1/../../../../arm-none-eabi/lib/armv7e-m/fpu/libm.a(lib_a-w_sqrt.o) (__ieee754_sqrt)
/usr/local/Cellar/gcc-arm-none-eabi/20160928/bin/../lib/gcc/arm-none-eabi/5.4.1/../../../../arm-none-eabi/lib/armv7e-m/fpu/libm.a(lib_a-ef_asin.o)
                              /usr/local/Cellar/gcc-arm-none-eabi/20160928/bin/../lib/gcc/arm-none-eabi/5.4.1/../../../../arm-none-eabi/lib/armv7e-m/fpu/libm.a(lib_a-wf_asin.o) (__ieee754_asinf)
/usr/local/Cellar/gcc-arm-none-eabi/20160928/bin/../lib/gcc/arm-none-eabi/5.4.1/../../../../arm-none-eabi/lib/armv7e-m/fpu/libm.a(lib_a-ef_atan2.o)
                              /usr/local/Cellar/gcc-arm-none-eabi/20160928/bin/../lib/gcc/arm-none-eabi/5.4.1/../../../../arm-none-eabi/lib/armv7e-m/fpu/libm.a(lib_a-wf_atan2.o) (__ieee754_atan2f)
/usr/local/Cellar/gcc-arm-none-eabi/20160928/bin/../lib/gcc/arm-none-eabi/5.4.1/../../../../arm-none-eabi/lib/armv7e-m/fpu/libm.a(lib_a-ef_exp.o)
                              /usr/local/Cellar/gcc-arm-none-eabi/20160928/bin/../lib/gcc/arm-none-eabi/5.4.1/../../../../arm-none-eabi/lib/armv7e-m/fpu/libm.a(lib_a-wf_exp.o) (__ieee754_expf)
[...]
Memory Configuration

Name             Origin             Length             Attributes
flash            0x0000000008000000 0x0000000000004000
flash2           0x000000000800c000 0x0000000000078000
ram0             0x0000000020000000 0x0000000000020000
ram1             0x0000000020000000 0x000000000001c000
ram2             0x000000002001c000 0x0000000000004000
ram3             0x0000000000000000 0x0000000000000000
ram4             0x0000000010000000 0x0000000000010000
ram5             0x0000000040024000 0x0000000000001000
ram6             0x0000000000000000 0x0000000000000000
ram7             0x0000000000000000 0x0000000000000000
*default*        0x0000000000000000 0xffffffffffffffff

Linker script and memory map

LOAD build/obj/crt0_v7m.o
LOAD build/obj/chcoreasm_v7m.o
LOAD build/obj/crt1.o
LOAD build/obj/vectors.o
LOAD build/obj/chsys.o
LOAD build/obj/chdebug.o
LOAD build/obj/chvt.o
LOAD build/obj/chschd.o
LOAD build/obj/chthreads.o
LOAD build/obj/chtm.o
LOAD build/obj/chdynamic.o
LOAD build/obj/chregistry.o
LOAD build/obj/chsem.o
LOAD build/obj/chmtx.o
LOAD build/obj/chcond.o
LOAD build/obj/chevents.o
LOAD build/obj/chmsg.o
LOAD build/obj/chmboxes.o
LOAD build/obj/chqueues.o
LOAD build/obj/chmemcore.o
LOAD build/obj/chheap.o
LOAD build/obj/chmempools.o
LOAD build/obj/chcore.o
LOAD build/obj/chcore_v7m.o
LOAD build/obj/osal.o
LOAD build/obj/hal.o
LOAD build/obj/st.o
LOAD build/obj/hal_queues.o
LOAD build/obj/hal_mmcsd.o
LOAD build/obj/can.o
LOAD build/obj/i2c.o
LOAD build/obj/icu.o
LOAD build/obj/pal.o
LOAD build/obj/serial_usb.o
LOAD build/obj/spi.o
LOAD build/obj/uart.o
LOAD build/obj/usb.o
LOAD build/obj/nvic.o
LOAD build/obj/stm32_dma.o
LOAD build/obj/hal_lld.o
LOAD build/obj/st_lld.o
LOAD build/obj/can_lld.o
LOAD build/obj/pal_lld.o
LOAD build/obj/i2c_lld.o
LOAD build/obj/usb_lld.o
LOAD build/obj/spi_lld.o
LOAD build/obj/icu_lld.o
LOAD build/obj/uart_lld.o
LOAD build/obj/chprintf.o
LOAD build/obj/syscalls.o
LOAD build/obj/board.o
LOAD build/obj/main.o
LOAD build/obj/comm_usb_serial.o
LOAD build/obj/irq_handlers.o
LOAD build/obj/buffer.o
LOAD build/obj/comm_usb.o
LOAD build/obj/crc.o
LOAD build/obj/digital_filter.o
LOAD build/obj/ledpwm.o
LOAD build/obj/mcpwm.o
LOAD build/obj/servo_dec.o
LOAD build/obj/utils.o
LOAD build/obj/servo_simple.o
LOAD build/obj/packet.o
LOAD build/obj/terminal.o
LOAD build/obj/conf_general.o
LOAD build/obj/eeprom.o
LOAD build/obj/commands.o
LOAD build/obj/timeout.o
LOAD build/obj/comm_can.o
LOAD build/obj/ws2811.o
LOAD build/obj/led_external.o
LOAD build/obj/encoder.o
LOAD build/obj/flash_helper.o
LOAD build/obj/mc_interface.o
LOAD build/obj/mcpwm_foc.o
LOAD build/obj/hw_40.o
LOAD build/obj/hw_45.o
LOAD build/obj/hw_r2.o
LOAD build/obj/hw_46.o
LOAD build/obj/hw_48.o
LOAD build/obj/hw_49.o
LOAD build/obj/hw_410.o
LOAD build/obj/hw_60.o
LOAD build/obj/hw_victor_r1a.o
LOAD build/obj/hw_das_rs.o
LOAD build/obj/drv8301.o
LOAD build/obj/drv8305.o
LOAD build/obj/hw_palta.o
LOAD build/obj/hw_rh.o
LOAD build/obj/hw_tp.o
LOAD build/obj/app.o
LOAD build/obj/app_ppm.o
LOAD build/obj/app_adc.o
LOAD build/obj/app_sten.o
LOAD build/obj/app_uartcomm.o
LOAD build/obj/app_nunchuk.o
LOAD build/obj/app_custom.o
LOAD build/obj/spi_sw.o
LOAD build/obj/rf.o
LOAD build/obj/rfhelp.o
LOAD build/obj/nrf_driver.o
LOAD build/obj/misc.o
LOAD build/obj/stm32f4xx_adc.o
LOAD build/obj/stm32f4xx_dma.o
LOAD build/obj/stm32f4xx_exti.o
LOAD build/obj/stm32f4xx_flash.o
LOAD build/obj/stm32f4xx_rcc.o
LOAD build/obj/stm32f4xx_syscfg.o
LOAD build/obj/stm32f4xx_tim.o
LOAD build/obj/stm32f4xx_wwdg.o
                0x0000000020000000                __ram0_start__ = ORIGIN (ram0)
                0x0000000000020000                __ram0_size__ = LENGTH (ram0)
                0x0000000020020000                __ram0_end__ = (__ram0_start__ + __ram0_size__)
                0x0000000020000000                __ram1_start__ = ORIGIN (ram1)
                0x000000000001c000                __ram1_size__ = LENGTH (ram1)
                0x000000002001c000                __ram1_end__ = (__ram1_start__ + __ram1_size__)
                0x000000002001c000                __ram2_start__ = ORIGIN (ram2)
                0x0000000000004000                __ram2_size__ = LENGTH (ram2)
                0x0000000020020000                __ram2_end__ = (__ram2_start__ + __ram2_size__)
                0x0000000000000000                __ram3_start__ = ORIGIN (ram3)
                0x0000000000000000                __ram3_size__ = LENGTH (ram3)
                0x0000000000000000                __ram3_end__ = (__ram3_start__ + __ram3_size__)
                0x0000000010000000                __ram4_start__ = ORIGIN (ram4)
                0x0000000000010000                __ram4_size__ = LENGTH (ram4)
                0x0000000010010000                __ram4_end__ = (__ram4_start__ + __ram4_size__)
                0x0000000040024000                __ram5_start__ = ORIGIN (ram5)
                0x0000000000001000                __ram5_size__ = LENGTH (ram5)
                0x0000000040025000                __ram5_end__ = (__ram5_start__ + __ram5_size__)
                0x0000000000000000                __ram6_start__ = ORIGIN (ram6)
                0x0000000000000000                __ram6_size__ = LENGTH (ram6)
                0x0000000000000000                __ram6_end__ = (__ram6_start__ + __ram6_size__)
                0x0000000000000000                __ram7_start__ = ORIGIN (ram7)
                0x0000000000000000                __ram7_size__ = LENGTH (ram7)
                0x0000000000000000                __ram7_end__ = (__ram7_start__ + __ram7_size__)
                0x0000000000000000                . = 0x0
                0x0000000000000000                _text = .

startup         0x0000000008000000      0x1c0
 *(.vectors)
 .vectors       0x0000000008000000      0x1c0 build/obj/vectors.o
                0x0000000008000000                _vectors

constructors    0x000000000800c000        0x0
                0x000000000800c000                PROVIDE (__init_array_start, .)
 *(SORT(.init_array.*))
 *(.init_array)
                0x000000000800c000                PROVIDE (__init_array_end, .)

destructors     0x000000000800c000        0x0
                0x000000000800c000                PROVIDE (__fini_array_start, .)
 *(.fini_array)
 *(SORT(.fini_array.*))
                0x000000000800c000                PROVIDE (__fini_array_end, .)

.text           0x000000000800c000    0x2548c
 *(.text)
 .text          0x000000000800c000      0x104 build/obj/crt0_v7m.o
                0x000000000800c000                Reset_Handler
 *fill*         0x000000000800c104        0xc 
 .text          0x000000000800c110       0x30 build/obj/chcoreasm_v7m.o
                0x000000000800c110                _port_switch
                0x000000000800c128                _port_thread_start
                0x000000000800c138                _port_switch_from_isr
                0x000000000800c13c                _port_exit_from_isr
 .text          0x000000000800c140      0x370 /usr/local/Cellar/gcc-arm-none-eabi/20160928/bin/../lib/gcc/arm-none-eabi/5.4.1/armv7e-m/fpu/libgcc.a(_arm_addsubdf3.o)
                0x000000000800c140                __aeabi_drsub
                0x000000000800c148                __subdf3
                0x000000000800c148                __aeabi_dsub
                0x000000000800c14c                __aeabi_dadd
                0x000000000800c14c                __adddf3
                0x000000000800c3c4                __aeabi_ui2d
                0x000000000800c3c4                __floatunsidf
                0x000000000800c3e4                __floatsidf
                0x000000000800c3e4                __aeabi_i2d
                0x000000000800c408                __extendsfdf2
                0x000000000800c408                __aeabi_f2d
                0x000000000800c444                __aeabi_ul2d
                0x000000000800c444                __floatundidf
                0x000000000800c454                __aeabi_l2d
                0x000000000800c454                __floatdidf
 .text          0x000000000800c4b0      0x424 /usr/local/Cellar/gcc-arm-none-eabi/20160928/bin/../lib/gcc/arm-none-eabi/5.4.1/armv7e-m/fpu/libgcc.a(_arm_muldivdf3.o)
                0x000000000800c4b0                __aeabi_dmul
                0x000000000800c4b0                __muldf3
                0x000000000800c704                __aeabi_ddiv
                0x000000000800c704                __divdf3
 *fill*         0x000000000800c8d4        0xc 
 .text          0x000000000800c8e0      0x110 /usr/local/Cellar/gcc-arm-none-eabi/20160928/bin/../lib/gcc/arm-none-eabi/5.4.1/armv7e-m/fpu/libgcc.a(_arm_cmpdf2.o)
                0x000000000800c8e0                __gedf2
                0x000000000800c8e0                __gtdf2
                0x000000000800c8e8                __ledf2
                0x000000000800c8e8                __ltdf2
                0x000000000800c8f0                __cmpdf2
                0x000000000800c8f0                __eqdf2
                0x000000000800c8f0                __nedf2
                0x000000000800c96c                __aeabi_cdrcmple
                0x000000000800c97c                __aeabi_cdcmple
                0x000000000800c97c                __aeabi_cdcmpeq
                0x000000000800c98c                __aeabi_dcmpeq
                0x000000000800c9a0                __aeabi_dcmplt
                0x000000000800c9b4                __aeabi_dcmple
                0x000000000800c9c8                __aeabi_dcmpge
                0x000000000800c9dc                __aeabi_dcmpgt
 .text          0x000000000800c9f0       0x2c /usr/local/Cellar/gcc-arm-none-eabi/20160928/bin/../lib/gcc/arm-none-eabi/5.4.1/armv7e-m/fpu/libgcc.a(_arm_unorddf2.o)
                0x000000000800c9f0                __aeabi_dcmpun
                0x000000000800c9f0                __unorddf2
 *fill*         0x000000000800ca1c        0x4 
 .text          0x000000000800ca20       0x50 /usr/local/Cellar/gcc-arm-none-eabi/20160928/bin/../lib/gcc/arm-none-eabi/5.4.1/armv7e-m/fpu/libgcc.a(_arm_fixdfsi.o)
                0x000000000800ca20                __fixdfsi
                0x000000000800ca20                __aeabi_d2iz
 .text          0x000000000800ca70       0xa0 /usr/local/Cellar/gcc-arm-none-eabi/20160928/bin/../lib/gcc/arm-none-eabi/5.4.1/armv7e-m/fpu/libgcc.a(_arm_truncdfsf2.o)
                0x000000000800ca70                __aeabi_d2f
                0x000000000800ca70                __truncdfsf2
 .text          0x000000000800cb10      0x134 /usr/local/Cellar/gcc-arm-none-eabi/20160928/bin/../lib/gcc/arm-none-eabi/5.4.1/../../../../arm-none-eabi/lib/armv7e-m/fpu/libg.a(lib_a-memcpy.o)
                0x000000000800cb10                memcpy
 *fill*         0x000000000800cc44        0xc 
 .text          0x000000000800cc50      0x2dc /usr/local/Cellar/gcc-arm-none-eabi/20160928/bin/../lib/gcc/arm-none-eabi/5.4.1/../../../../arm-none-eabi/lib/armv7e-m/fpu/libg.a(lib_a-strcmp.o)
                0x000000000800cc58                strcmp
 *fill*         0x000000000800cf2c        0x4 
 .text          0x000000000800cf30       0xdc /usr/local/Cellar/gcc-arm-none-eabi/20160928/bin/../lib/gcc/arm-none-eabi/5.4.1/../../../../arm-none-eabi/lib/armv7e-m/fpu/libg.a(lib_a-strlen.o)
                0x000000000800cf30                strlen
 *fill*         0x000000000800d00c        0x4 
 .text          0x000000000800d010       0xa0 /usr/local/Cellar/gcc-arm-none-eabi/20160928/bin/../lib/gcc/arm-none-eabi/5.4.1/../../../../arm-none-eabi/lib/armv7e-m/fpu/libg.a(lib_a-memchr.o)
                0x000000000800d010                memchr
 .text          0x000000000800d0b0       0x40 /usr/local/Cellar/gcc-arm-none-eabi/20160928/bin/../lib/gcc/arm-none-eabi/5.4.1/armv7e-m/fpu/libgcc.a(_arm_fixunsdfsi.o)
                0x000000000800d0b0                __fixunsdfsi
                0x000000000800d0b0                __aeabi_d2uiz
 .text          0x000000000800d0f0       0x30 /usr/local/Cellar/gcc-arm-none-eabi/20160928/bin/../lib/gcc/arm-none-eabi/5.4.1/armv7e-m/fpu/libgcc.a(_aeabi_uldivmod.o)
                0x000000000800d0f0                __aeabi_uldivmod
 .text          0x000000000800d120      0x2e4 /usr/local/Cellar/gcc-arm-none-eabi/20160928/bin/../lib/gcc/arm-none-eabi/5.4.1/armv7e-m/fpu/libgcc.a(_udivmoddi4.o)
                0x000000000800d120                __udivmoddi4
 *fill*         0x000000000800d404        0xc 
 .text          0x000000000800d410        0x4 /usr/local/Cellar/gcc-arm-none-eabi/20160928/bin/../lib/gcc/arm-none-eabi/5.4.1/armv7e-m/fpu/libgcc.a(_dvmd_tls.o)
                0x000000000800d410                __aeabi_ldiv0
                0x000000000800d410                __aeabi_idiv0
 *(.text.*)
 *fill*         0x000000000800d414        0xc 
 .text.__core_init
                0x000000000800d420        0x4 build/obj/crt1.o
                0x000000000800d420                __core_init
 *fill*         0x000000000800d424        0xc 
 .text.__late_init
                0x000000000800d430        0x4 build/obj/crt1.o
                0x000000000800d430                __late_init
 *fill*         0x000000000800d434        0xc 
 .text.__default_exit
                0x000000000800d440        0x4 build/obj/crt1.o
                0x000000000800d440                __default_exit
 *fill*         0x000000000800d444        0xc 
 .text._unhandled_exception
                0x000000000800d450        0x4 build/obj/vectors.o
                0x000000000800d450                Vector174
                0x000000000800d450                Vector9C
                0x000000000800d450                VectorE8
                0x000000000800d450                VectorAC
                0x000000000800d450                DebugMon_Handler
                0x000000000800d450                Vector1A0
                0x000000000800d450                Vector5C
                0x000000000800d450                Vector11C
                0x000000000800d450                HardFault_Handler
                0x000000000800d450                Vector1B8
                0x000000000800d450                Vector19C
                0x000000000800d450                PendSV_Handler
                0x000000000800d450                Vector168
                0x000000000800d450                NMI_Handler
                0x000000000800d450                Vector110
                0x000000000800d450                VectorA8
                0x000000000800d450                Vector160
                0x000000000800d450                Vector1B0
                0x000000000800d450                UsageFault_Handler
                0x000000000800d450                VectorEC
                0x000000000800d450                Vector40
                0x000000000800d450                Vector108
                0x000000000800d450                VectorBC
                0x000000000800d450                Vector190
                0x000000000800d450                Vector148
                0x000000000800d450                Vector188
                0x000000000800d450                Vector198
                0x000000000800d450                Vector118
                0x000000000800d450                Vector64
                0x000000000800d450                VectorCC
                0x000000000800d450                Vector54
                0x000000000800d450                VectorD8
                0x000000000800d450                Vector138
                0x000000000800d450                Vector24
                0x000000000800d450                Vector1AC
                0x000000000800d450                Vector178
                0x000000000800d450                Vector1A4
                0x000000000800d450                VectorD0
                0x000000000800d450                Vector1B4
                0x000000000800d450                Vector140
                0x000000000800d450                VectorE4
                0x000000000800d450                VectorC0
                0x000000000800d450                Vector134
                0x000000000800d450                VectorF0
                0x000000000800d450                Vector13C
                0x000000000800d450                Vector100
                0x000000000800d450                VectorF4
                0x000000000800d450                MemManage_Handler
                0x000000000800d450                VectorA0
                0x000000000800d450                Vector180
                0x000000000800d450                VectorB0
                0x000000000800d450                Vector114
                0x000000000800d450                Vector60
                0x000000000800d450                Vector164
                0x000000000800d450                Vector1C
                0x000000000800d450                Vector1BC
                0x000000000800d450                Vector17C
                0x000000000800d450                Vector48
                0x000000000800d450                Vector1A8
                0x000000000800d450                Vector16C
                0x000000000800d450                VectorD4
                0x000000000800d450                Vector4C
                0x000000000800d450                Vector144
                0x000000000800d450                Vector68
                0x000000000800d450                _unhandled_exception
                0x000000000800d450                Vector170
                0x000000000800d450                Vector104
                0x000000000800d450                Vector184
                0x000000000800d450                Vector10C
                0x000000000800d450                BusFault_Handler
                0x000000000800d450                Vector50
                0x000000000800d450                Vector194
                0x000000000800d450                Vector44
                0x000000000800d450                Vector28
                0x000000000800d450                Vector34
                0x000000000800d450                VectorA4
                0x000000000800d450                Vector20
                0x000000000800d450                Vector18C
                0x000000000800d450                Vector58
 *fill*         0x000000000800d454        0xc 
 .text._idle_thread
                0x000000000800d460        0x4 build/obj/chsys.o
 *fill*         0x000000000800d464        0xc 
 .text.chSysInit
                0x000000000800d470       0xa4 build/obj/chsys.o
                0x000000000800d470                chSysInit
 *fill*         0x000000000800d514        0xc 
 .text.chSysHalt
                0x000000000800d520        0xc build/obj/chsys.o
                0x000000000800d520                chSysHalt
 *fill*         0x000000000800d52c        0x4 
 .text.chSysTimerHandlerI
                0x000000000800d530       0x58 build/obj/chsys.o
                0x000000000800d530                chSysTimerHandlerI
 *fill*         0x000000000800d588        0x8 
 .text.chSysPolledDelayX
                0x000000000800d590       0x14 build/obj/chsys.o
                0x000000000800d590                chSysPolledDelayX
 *fill*         0x000000000800d5a4        0xc 
 .text._vt_init
                0x000000000800d5b0       0x1c build/obj/chvt.o
                0x000000000800d5b0                _vt_init
 *fill*         0x000000000800d5cc        0x4 
 .text.chVTDoSetI
                0x000000000800d5d0       0x3c build/obj/chvt.o
                0x000000000800d5d0                chVTDoSetI
 *fill*         0x000000000800d60c        0x4 
 .text.chVTDoResetI
                0x000000000800d610       0x28 build/obj/chvt.o
                0x000000000800d610                chVTDoResetI
 *fill*         0x000000000800d638        0x8 
 .text.wakeup   0x000000000800d640       0x70 build/obj/chschd.o
 .text._scheduler_init
                0x000000000800d6b0       0x14 build/obj/chschd.o
                0x000000000800d6b0                _scheduler_init
 *fill*         0x000000000800d6c4        0xc 
 .text.chSchReadyI
                0x000000000800d6d0       0x2c build/obj/chschd.o
                0x000000000800d6d0                chSchReadyI
 *fill*         0x000000000800d6fc        0x4 
 .text.chSchGoSleepS
                0x000000000800d700       0x28 build/obj/chschd.o
                0x000000000800d700                chSchGoSleepS
 *fill*         0x000000000800d728        0x8 
 .text.chSchGoSleepTimeoutS
                0x000000000800d730       0x44 build/obj/chschd.o
                0x000000000800d730                chSchGoSleepTimeoutS
 *fill*         0x000000000800d774        0xc 
 .text.chSchWakeupS
                0x000000000800d780       0x58 build/obj/chschd.o
                0x000000000800d780                chSchWakeupS
 *fill*         0x000000000800d7d8        0x8 
 .text.chSchIsPreemptionRequired
                0x000000000800d7e0       0x28 build/obj/chschd.o
                0x000000000800d7e0                chSchIsPreemptionRequired
 *fill*         0x000000000800d808        0x8 
 .text.chSchDoRescheduleBehind
                0x000000000800d810       0x40 build/obj/chschd.o
                0x000000000800d810                chSchDoRescheduleBehind
 .text.chSchDoRescheduleAhead
                0x000000000800d850       0x3c build/obj/chschd.o
                0x000000000800d850                chSchDoRescheduleAhead
 *fill*         0x000000000800d88c        0x4 
 .text.chSchRescheduleS
                0x000000000800d890       0x18 build/obj/chschd.o
                0x000000000800d890                chSchRescheduleS
 *fill*         0x000000000800d8a8        0x8 
 .text.chSchDoReschedule
                0x000000000800d8b0       0x14 build/obj/chschd.o
                0x000000000800d8b0                chSchDoReschedule
 *fill*         0x000000000800d8c4        0xc 
 .text._thread_init
                0x000000000800d8d0       0x44 build/obj/chthreads.o
                0x000000000800d8d0                _thread_init
 *fill*         0x000000000800d914        0xc 
 .text.chThdCreateI
                0x000000000800d920       0x58 build/obj/chthreads.o
                0x000000000800d920                chThdCreateI
 *fill*         0x000000000800d978        0x8 
 .text.chThdCreateStatic
                0x000000000800d980       0x68 build/obj/chthreads.o
                0x000000000800d980                chThdCreateStatic
 *fill*         0x000000000800d9e8        0x8 
 .text.chThdSleep
                0x000000000800d9f0       0x18 build/obj/chthreads.o
                0x000000000800d9f0                chThdSleep
 *fill*         0x000000000800da08        0x8 
 .text.chThdSleepUntil
                0x000000000800da10       0x24 build/obj/chthreads.o
                0x000000000800da10                chThdSleepUntil
 *fill*         0x000000000800da34        0xc 
 .text.chThdExitS
                0x000000000800da40       0x40 build/obj/chthreads.o
                0x000000000800da40                chThdExitS
 .text.chThdExit
                0x000000000800da80        0xc build/obj/chthreads.o
                0x000000000800da80                chThdExit
 *fill*         0x000000000800da8c        0x4 
 .text.chThdSuspendS
                0x000000000800da90       0x1c build/obj/chthreads.o
                0x000000000800da90                chThdSuspendS
 *fill*         0x000000000800daac        0x4 
 .text.chThdSuspendTimeoutS
                0x000000000800dab0       0x1c build/obj/chthreads.o
                0x000000000800dab0                chThdSuspendTimeoutS
 *fill*         0x000000000800dacc        0x4 
 .text.chThdResumeI
                0x000000000800dad0       0x14 build/obj/chthreads.o
                0x000000000800dad0                chThdResumeI
 *fill*         0x000000000800dae4        0xc 
 .text.chThdEnqueueTimeoutS
                0x000000000800daf0       0x28 build/obj/chthreads.o
                0x000000000800daf0                chThdEnqueueTimeoutS
 *fill*         0x000000000800db18        0x8 
 .text.chThdDequeueAllI
                0x000000000800db20       0x24 build/obj/chthreads.o
                0x000000000800db20                chThdDequeueAllI
 *fill*         0x000000000800db44        0xc 
 .text.chTMStartMeasurementX
                0x000000000800db50        0xc build/obj/chtm.o
                0x000000000800db50                chTMStartMeasurementX
 *fill*         0x000000000800db5c        0x4 
 .text.chTMStopMeasurementX
                0x000000000800db60       0x48 build/obj/chtm.o
                0x000000000800db60                chTMStopMeasurementX
 *fill*         0x000000000800dba8        0x8 
 .text._tm_init
                0x000000000800dbb0       0x38 build/obj/chtm.o
                0x000000000800dbb0                _tm_init
 *fill*         0x000000000800dbe8        0x8 
 .text.chThdRelease
                0x000000000800dbf0       0x50 build/obj/chdynamic.o
                0x000000000800dbf0                chThdRelease
 .text.chRegFirstThread
                0x000000000800dc40       0x1c build/obj/chregistry.o
                0x000000000800dc40                chRegFirstThread
 *fill*         0x000000000800dc5c        0x4 
 .text.chRegNextThread
                0x000000000800dc60       0x2c build/obj/chregistry.o
                0x000000000800dc60                chRegNextThread
 *fill*         0x000000000800dc8c        0x4 
 .text.chMtxObjectInit
                0x000000000800dc90        0xc build/obj/chmtx.o
                0x000000000800dc90                chMtxObjectInit
 *fill*         0x000000000800dc9c        0x4 
 .text.chMtxLockS
                0x000000000800dca0       0xc8 build/obj/chmtx.o
                0x000000000800dca0                chMtxLockS
 *fill*         0x000000000800dd68        0x8 
 .text.chMtxLock
                0x000000000800dd70       0x14 build/obj/chmtx.o
                0x000000000800dd70                chMtxLock
 *fill*         0x000000000800dd84        0xc 
 .text.chMtxUnlock
                0x000000000800dd90       0x64 build/obj/chmtx.o
                0x000000000800dd90                chMtxUnlock
 *fill*         0x000000000800ddf4        0xc 
 .text.chEvtRegisterMaskWithFlags
                0x000000000800de00       0x28 build/obj/chevents.o
                0x000000000800de00                chEvtRegisterMaskWithFlags
 *fill*         0x000000000800de28        0x8 
 .text.chEvtUnregister
                0x000000000800de30       0x2c build/obj/chevents.o
                0x000000000800de30                chEvtUnregister
 *fill*         0x000000000800de5c        0x4 
 .text.chEvtSignalI
                0x000000000800de60       0x28 build/obj/chevents.o
                0x000000000800de60                chEvtSignalI
 *fill*         0x000000000800de88        0x8 
 .text.chEvtBroadcastFlagsI
                0x000000000800de90       0x2c build/obj/chevents.o
                0x000000000800de90                chEvtBroadcastFlagsI
 *fill*         0x000000000800debc        0x4 
 .text.chEvtSignal
                0x000000000800dec0       0x18 build/obj/chevents.o
                0x000000000800dec0                chEvtSignal
 *fill*         0x000000000800ded8        0x8 
 .text.chEvtWaitAny
                0x000000000800dee0       0x38 build/obj/chevents.o
                0x000000000800dee0                chEvtWaitAny
 *fill*         0x000000000800df18        0x8 
 .text.chEvtWaitAnyTimeout
                0x000000000800df20       0x50 build/obj/chevents.o
                0x000000000800df20                chEvtWaitAnyTimeout
 .text.chIQObjectInit
                0x000000000800df70       0x20 build/obj/chqueues.o
                0x000000000800df70                chIQObjectInit
 .text.chIQResetI
                0x000000000800df90       0x14 build/obj/chqueues.o
                0x000000000800df90                chIQResetI
 *fill*         0x000000000800dfa4        0xc 
 .text.chIQGetTimeout
                0x000000000800dfb0       0x50 build/obj/chqueues.o
                0x000000000800dfb0                chIQGetTimeout
 .text.chIQReadTimeout
                0x000000000800e000       0x78 build/obj/chqueues.o
                0x000000000800e000                chIQReadTimeout
 *fill*         0x000000000800e078        0x8 
 .text.chOQObjectInit
                0x000000000800e080       0x1c build/obj/chqueues.o
                0x000000000800e080                chOQObjectInit
 *fill*         0x000000000800e09c        0x4 
 .text.chOQResetI
                0x000000000800e0a0       0x1c build/obj/chqueues.o
                0x000000000800e0a0                chOQResetI
 *fill*         0x000000000800e0bc        0x4 
 .text.chOQPutTimeout
                0x000000000800e0c0       0x54 build/obj/chqueues.o
                0x000000000800e0c0                chOQPutTimeout
 *fill*         0x000000000800e114        0xc 
 .text.chOQWriteTimeout
                0x000000000800e120       0x88 build/obj/chqueues.o
                0x000000000800e120                chOQWriteTimeout
 *fill*         0x000000000800e1a8        0x8 
 .text._core_init
                0x000000000800e1b0       0x28 build/obj/chmemcore.o
                0x000000000800e1b0                _core_init
 *fill*         0x000000000800e1d8        0x8 
 .text.chCoreAlloc
                0x000000000800e1e0       0x38 build/obj/chmemcore.o
                0x000000000800e1e0                chCoreAlloc
 *fill*         0x000000000800e218        0x8 
 .text.chCoreGetStatusX
                0x000000000800e220       0x14 build/obj/chmemcore.o
                0x000000000800e220                chCoreGetStatusX
 *fill*         0x000000000800e234        0xc 
 .text._heap_init
                0x000000000800e240       0x1c build/obj/chheap.o
                0x000000000800e240                _heap_init
 *fill*         0x000000000800e25c        0x4 
 .text.chHeapFree
                0x000000000800e260       0x98 build/obj/chheap.o
                0x000000000800e260                chHeapFree
 *fill*         0x000000000800e2f8        0x8 
 .text.chHeapStatus
                0x000000000800e300       0x44 build/obj/chheap.o
                0x000000000800e300                chHeapStatus
 *fill*         0x000000000800e344        0xc 
 .text.chPoolFree
                0x000000000800e350       0x14 build/obj/chmempools.o
                0x000000000800e350                chPoolFree
 *fill*         0x000000000800e364        0xc 
 .text.SVC_Handler
                0x000000000800e370       0x20 build/obj/chcore_v7m.o
                0x000000000800e370                SVC_Handler
 .text._port_irq_epilogue
                0x000000000800e390       0x60 build/obj/chcore_v7m.o
                0x000000000800e390                _port_irq_epilogue
 .text.halInit  0x000000000800e3f0       0x38 build/obj/hal.o
                0x000000000800e3f0                halInit
 *fill*         0x000000000800e428        0x8 
 .text.stInit   0x000000000800e430        0x4 build/obj/st.o
                0x000000000800e430                stInit
 *fill*         0x000000000800e434        0xc 
 .text.canInit  0x000000000800e440        0x4 build/obj/can.o
                0x000000000800e440                canInit
 *fill*         0x000000000800e444        0xc 
 .text.canObjectInit
                0x000000000800e450       0x3c build/obj/can.o
                0x000000000800e450                canObjectInit
 *fill*         0x000000000800e48c        0x4 
 .text.canStart
                0x000000000800e490       0x20 build/obj/can.o
                0x000000000800e490                canStart
 .text.canStop  0x000000000800e4b0       0x38 build/obj/can.o
                0x000000000800e4b0                canStop
 *fill*         0x000000000800e4e8        0x8 
 .text.canTransmit
                0x000000000800e4f0       0x50 build/obj/can.o
                0x000000000800e4f0                canTransmit
 .text.canReceive
                0x000000000800e540       0x50 build/obj/can.o
                0x000000000800e540                canReceive
 .text.i2cInit  0x000000000800e590        0x4 build/obj/i2c.o
                0x000000000800e590                i2cInit
 *fill*         0x000000000800e594        0xc 
 .text.i2cObjectInit
                0x000000000800e5a0       0x10 build/obj/i2c.o
                0x000000000800e5a0                i2cObjectInit
 .text.i2cStart
                0x000000000800e5b0       0x1c build/obj/i2c.o
                0x000000000800e5b0                i2cStart
 *fill*         0x000000000800e5cc        0x4 
 .text.i2cStop  0x000000000800e5d0       0x1c build/obj/i2c.o
                0x000000000800e5d0                i2cStop
 *fill*         0x000000000800e5ec        0x4 
 .text.i2cMasterTransmitTimeout
                0x000000000800e5f0       0x40 build/obj/i2c.o
                0x000000000800e5f0                i2cMasterTransmitTimeout
 .text.i2cMasterReceiveTimeout
                0x000000000800e630       0x30 build/obj/i2c.o
                0x000000000800e630                i2cMasterReceiveTimeout
 .text.i2cAcquireBus
                0x000000000800e660        0x8 build/obj/i2c.o
                0x000000000800e660                i2cAcquireBus
 *fill*         0x000000000800e668        0x8 
 .text.i2cReleaseBus
                0x000000000800e670        0x8 build/obj/i2c.o
                0x000000000800e670                i2cReleaseBus
 *fill*         0x000000000800e678        0x8 
 .text.icuInit  0x000000000800e680        0x4 build/obj/icu.o
                0x000000000800e680                icuInit
 *fill*         0x000000000800e684        0xc 
 .text.icuObjectInit
                0x000000000800e690        0xc build/obj/icu.o
                0x000000000800e690                icuObjectInit
 *fill*         0x000000000800e69c        0x4 
 .text.icuStart
                0x000000000800e6a0       0x1c build/obj/icu.o
                0x000000000800e6a0                icuStart
 *fill*         0x000000000800e6bc        0x4 
 .text.icuStop  0x000000000800e6c0       0x1c build/obj/icu.o
                0x000000000800e6c0                icuStop
 *fill*         0x000000000800e6dc        0x4 
 .text.icuStartCapture
                0x000000000800e6e0       0x1c build/obj/icu.o
                0x000000000800e6e0                icuStartCapture
 *fill*         0x000000000800e6fc        0x4 
 .text.icuEnableNotifications
                0x000000000800e700       0x14 build/obj/icu.o
                0x000000000800e700                icuEnableNotifications
 *fill*         0x000000000800e714        0xc 
 .text.onotify  0x000000000800e720       0x60 build/obj/serial_usb.o
 .text.inotify  0x000000000800e780       0x6c build/obj/serial_usb.o
 *fill*         0x000000000800e7ec        0x4 
 .text.readt    0x000000000800e7f0        0x8 build/obj/serial_usb.o
 *fill*         0x000000000800e7f8        0x8 
 .text.read     0x000000000800e800        0xc build/obj/serial_usb.o
 *fill*         0x000000000800e80c        0x4 
 .text.writet   0x000000000800e810        0x8 build/obj/serial_usb.o
 *fill*         0x000000000800e818        0x8 
 .text.write    0x000000000800e820        0xc build/obj/serial_usb.o
 *fill*         0x000000000800e82c        0x4 
 .text.gett     0x000000000800e830        0x8 build/obj/serial_usb.o
 *fill*         0x000000000800e838        0x8 
 .text.get      0x000000000800e840        0xc build/obj/serial_usb.o
 *fill*         0x000000000800e84c        0x4 
 .text.putt     0x000000000800e850        0x8 build/obj/serial_usb.o
 *fill*         0x000000000800e858        0x8 
 .text.put      0x000000000800e860        0xc build/obj/serial_usb.o
 *fill*         0x000000000800e86c        0x4 
 .text.sduInit  0x000000000800e870        0x4 build/obj/serial_usb.o
                0x000000000800e870                sduInit
 *fill*         0x000000000800e874        0xc 
 .text.sduObjectInit
                0x000000000800e880       0x4c build/obj/serial_usb.o
                0x000000000800e880                sduObjectInit
 *fill*         0x000000000800e8cc        0x4 
 .text.sduStart
                0x000000000800e8d0       0x34 build/obj/serial_usb.o
                0x000000000800e8d0                sduStart
 *fill*         0x000000000800e904        0xc 
 .text.sduConfigureHookI
                0x000000000800e910       0x4c build/obj/serial_usb.o
                0x000000000800e910                sduConfigureHookI
 *fill*         0x000000000800e95c        0x4 
 .text.sduRequestsHook
                0x000000000800e960       0x40 build/obj/serial_usb.o
                0x000000000800e960                sduRequestsHook
 .text.sduDataTransmitted
                0x000000000800e9a0       0x6c build/obj/serial_usb.o
                0x000000000800e9a0                sduDataTransmitted
 *fill*         0x000000000800ea0c        0x4 
 .text.sduDataReceived
                0x000000000800ea10       0x6c build/obj/serial_usb.o
                0x000000000800ea10                sduDataReceived
 *fill*         0x000000000800ea7c        0x4 
 .text.sduInterruptTransmitted
                0x000000000800ea80        0x4 build/obj/serial_usb.o
                0x000000000800ea80                sduInterruptTransmitted
 *fill*         0x000000000800ea84        0xc 
 .text.spiInit  0x000000000800ea90        0x4 build/obj/spi.o
                0x000000000800ea90                spiInit
 *fill*         0x000000000800ea94        0xc 
 .text.spiObjectInit
                0x000000000800eaa0       0x10 build/obj/spi.o
                0x000000000800eaa0                spiObjectInit
 .text.uartInit
                0x000000000800eab0        0x4 build/obj/uart.o
                0x000000000800eab0                uartInit
 *fill*         0x000000000800eab4        0xc 
 .text.uartObjectInit
                0x000000000800eac0       0x10 build/obj/uart.o
                0x000000000800eac0                uartObjectInit
 .text.uartStart
                0x000000000800ead0       0x1c build/obj/uart.o
                0x000000000800ead0                uartStart
 *fill*         0x000000000800eaec        0x4 
 .text.uartStop
                0x000000000800eaf0       0x20 build/obj/uart.o
                0x000000000800eaf0                uartStop
 .text.uartStartSend
                0x000000000800eb10       0x1c build/obj/uart.o
                0x000000000800eb10                uartStartSend
 *fill*         0x000000000800eb2c        0x4 
 .text.usbInit  0x000000000800eb30        0x4 build/obj/usb.o
                0x000000000800eb30                usbInit
 *fill*         0x000000000800eb34        0xc 
 .text.usbObjectInit
                0x000000000800eb40       0x1c build/obj/usb.o
                0x000000000800eb40                usbObjectInit
 *fill*         0x000000000800eb5c        0x4 
 .text.usbStart
                0x000000000800eb60       0x24 build/obj/usb.o
                0x000000000800eb60                usbStart
 *fill*         0x000000000800eb84        0xc 
 .text.usbStop  0x000000000800eb90       0x1c build/obj/usb.o
                0x000000000800eb90                usbStop
 *fill*         0x000000000800ebac        0x4 
 .text.usbInitEndpointI
                0x000000000800ebb0       0x30 build/obj/usb.o
                0x000000000800ebb0                usbInitEndpointI
 .text.usbPrepareQueuedReceive
                0x000000000800ebe0       0x1c build/obj/usb.o
                0x000000000800ebe0                usbPrepareQueuedReceive
 *fill*         0x000000000800ebfc        0x4 
 .text.usbPrepareQueuedTransmit
                0x000000000800ec00       0x1c build/obj/usb.o
                0x000000000800ec00                usbPrepareQueuedTransmit
 *fill*         0x000000000800ec1c        0x4 
 .text.usbStartReceiveI
                0x000000000800ec20       0x24 build/obj/usb.o
                0x000000000800ec20                usbStartReceiveI
 *fill*         0x000000000800ec44        0xc 
 .text.usbStartTransmitI
                0x000000000800ec50       0x24 build/obj/usb.o
                0x000000000800ec50                usbStartTransmitI
 *fill*         0x000000000800ec74        0xc 
 .text._usb_reset
                0x000000000800ec80       0x28 build/obj/usb.o
                0x000000000800ec80                _usb_reset
 *fill*         0x000000000800eca8        0x8 
 .text._usb_ep0setup
                0x000000000800ecb0      0x338 build/obj/usb.o
                0x000000000800ecb0                _usb_ep0setup
 *fill*         0x000000000800efe8        0x8 
 .text._usb_ep0in
                0x000000000800eff0       0xe4 build/obj/usb.o
                0x000000000800eff0                _usb_ep0in
 *fill*         0x000000000800f0d4        0xc 
 .text._usb_ep0out
                0x000000000800f0e0       0x9c build/obj/usb.o
                0x000000000800f0e0                _usb_ep0out
 *fill*         0x000000000800f17c        0x4 
 .text.nvicEnableVector
                0x000000000800f180       0x34 build/obj/nvic.o
                0x000000000800f180                nvicEnableVector
 *fill*         0x000000000800f1b4        0xc 
 .text.nvicDisableVector
                0x000000000800f1c0       0x28 build/obj/nvic.o
                0x000000000800f1c0                nvicDisableVector
 *fill*         0x000000000800f1e8        0x8 
 .text.nvicSetSystemHandlerPriority
                0x000000000800f1f0       0x10 build/obj/nvic.o
                0x000000000800f1f0                nvicSetSystemHandlerPriority
 .text.Vector6C
                0x000000000800f200       0x28 build/obj/stm32_dma.o
                0x000000000800f200                Vector6C
 *fill*         0x000000000800f228        0x8 
 .text.Vector70
                0x000000000800f230       0x2c build/obj/stm32_dma.o
                0x000000000800f230                Vector70
 *fill*         0x000000000800f25c        0x4 
 .text.Vector74
                0x000000000800f260       0x2c build/obj/stm32_dma.o
                0x000000000800f260                Vector74
 *fill*         0x000000000800f28c        0x4 
 .text.Vector78
                0x000000000800f290       0x2c build/obj/stm32_dma.o
                0x000000000800f290                Vector78
 *fill*         0x000000000800f2bc        0x4 
 .text.Vector7C
                0x000000000800f2c0       0x28 build/obj/stm32_dma.o
                0x000000000800f2c0                Vector7C
 *fill*         0x000000000800f2e8        0x8 
 .text.Vector80
                0x000000000800f2f0       0x2c build/obj/stm32_dma.o
                0x000000000800f2f0                Vector80
 *fill*         0x000000000800f31c        0x4 
 .text.Vector84
                0x000000000800f320       0x2c build/obj/stm32_dma.o
                0x000000000800f320                Vector84
 *fill*         0x000000000800f34c        0x4 
 .text.VectorFC
                0x000000000800f350       0x2c build/obj/stm32_dma.o
                0x000000000800f350                VectorFC
 *fill*         0x000000000800f37c        0x4 
 .text.Vector120
                0x000000000800f380       0x28 build/obj/stm32_dma.o
                0x000000000800f380                Vector120
 *fill*         0x000000000800f3a8        0x8 
 .text.Vector124
                0x000000000800f3b0       0x2c build/obj/stm32_dma.o
                0x000000000800f3b0                Vector124
 *fill*         0x000000000800f3dc        0x4 
 .text.Vector128
                0x000000000800f3e0       0x2c build/obj/stm32_dma.o
                0x000000000800f3e0                Vector128
 *fill*         0x000000000800f40c        0x4 
 .text.Vector12C
                0x000000000800f410       0x2c build/obj/stm32_dma.o
                0x000000000800f410                Vector12C
 *fill*         0x000000000800f43c        0x4 
 .text.Vector130
                0x000000000800f440       0x28 build/obj/stm32_dma.o
                0x000000000800f440                Vector130
 *fill*         0x000000000800f468        0x8 
 .text.Vector150
                0x000000000800f470       0x2c build/obj/stm32_dma.o
                0x000000000800f470                Vector150
 *fill*         0x000000000800f49c        0x4 
 .text.Vector154
                0x000000000800f4a0       0x2c build/obj/stm32_dma.o
                0x000000000800f4a0                Vector154
 *fill*         0x000000000800f4cc        0x4 
 .text.Vector158
                0x000000000800f4d0       0x2c build/obj/stm32_dma.o
                0x000000000800f4d0                Vector158
 *fill*         0x000000000800f4fc        0x4 
 .text.dmaInit  0x000000000800f500       0x54 build/obj/stm32_dma.o
                0x000000000800f500                dmaInit
 *fill*         0x000000000800f554        0xc 
 .text.dmaStreamAllocate
                0x000000000800f560       0x8c build/obj/stm32_dma.o
                0x000000000800f560                dmaStreamAllocate
 *fill*         0x000000000800f5ec        0x4 
 .text.dmaStreamRelease
                0x000000000800f5f0       0x44 build/obj/stm32_dma.o
                0x000000000800f5f0                dmaStreamRelease
 *fill*         0x000000000800f634        0xc 
 .text.hal_lld_init
                0x000000000800f640       0x68 build/obj/hal_lld.o
                0x000000000800f640                hal_lld_init
 *fill*         0x000000000800f6a8        0x8 
 .text.stm32_clock_init
                0x000000000800f6b0       0xc8 build/obj/hal_lld.o
                0x000000000800f6b0                stm32_clock_init
 *fill*         0x000000000800f778        0x8 
 .text.SysTick_Handler
                0x000000000800f780       0x1c build/obj/st_lld.o
                0x000000000800f780                SysTick_Handler
 *fill*         0x000000000800f79c        0x4 
 .text.st_lld_init
                0x000000000800f7a0       0x1c build/obj/st_lld.o
                0x000000000800f7a0                st_lld_init
 *fill*         0x000000000800f7bc        0x4 
 .text.can_lld_set_filters
                0x000000000800f7c0      0x118 build/obj/can_lld.o
 *fill*         0x000000000800f8d8        0x8 
 .text.Vector8C
                0x000000000800f8e0       0x3c build/obj/can_lld.o
                0x000000000800f8e0                Vector8C
 *fill*         0x000000000800f91c        0x4 
 .text.Vector90
                0x000000000800f920       0x64 build/obj/can_lld.o
                0x000000000800f920                Vector90
 *fill*         0x000000000800f984        0xc 
 .text.Vector94
                0x000000000800f990       0x64 build/obj/can_lld.o
                0x000000000800f990                Vector94
 *fill*         0x000000000800f9f4        0xc 
 .text.Vector98
                0x000000000800fa00       0x78 build/obj/can_lld.o
                0x000000000800fa00                Vector98
 *fill*         0x000000000800fa78        0x8 
 .text.can_lld_init
                0x000000000800fa80       0x24 build/obj/can_lld.o
                0x000000000800fa80                can_lld_init
 *fill*         0x000000000800faa4        0xc 
 .text.can_lld_start
                0x000000000800fab0       0x70 build/obj/can_lld.o
                0x000000000800fab0                can_lld_start
 .text.can_lld_stop
                0x000000000800fb20       0x50 build/obj/can_lld.o
                0x000000000800fb20                can_lld_stop
 .text.can_lld_is_tx_empty
                0x000000000800fb70       0x40 build/obj/can_lld.o
                0x000000000800fb70                can_lld_is_tx_empty
 .text.can_lld_transmit
                0x000000000800fbb0       0x78 build/obj/can_lld.o
                0x000000000800fbb0                can_lld_transmit
 *fill*         0x000000000800fc28        0x8 
 .text.can_lld_is_rx_nonempty
                0x000000000800fc30       0x38 build/obj/can_lld.o
                0x000000000800fc30                can_lld_is_rx_nonempty
 *fill*         0x000000000800fc68        0x8 
 .text.can_lld_receive
                0x000000000800fc70       0xc0 build/obj/can_lld.o
                0x000000000800fc70                can_lld_receive
 .text._pal_lld_init
                0x000000000800fd30      0x1ac build/obj/pal_lld.o
                0x000000000800fd30                _pal_lld_init
 *fill*         0x000000000800fedc        0x4 
 .text._pal_lld_setgroupmode
                0x000000000800fee0       0xb8 build/obj/pal_lld.o
                0x000000000800fee0                _pal_lld_setgroupmode
 *fill*         0x000000000800ff98        0x8 
 .text.i2c_lld_serve_tx_end_irq
                0x000000000800ffa0       0x40 build/obj/i2c_lld.o
 .text.i2c_lld_serve_rx_end_irq
                0x000000000800ffe0       0x64 build/obj/i2c_lld.o
 *fill*         0x0000000008010044        0xc 
 .text.VectorC4
                0x0000000008010050       0xf8 build/obj/i2c_lld.o
                0x0000000008010050                VectorC4
 *fill*         0x0000000008010148        0x8 
 .text.VectorC8
                0x0000000008010150       0xd8 build/obj/i2c_lld.o
                0x0000000008010150                VectorC8
 *fill*         0x0000000008010228        0x8 
 .text.i2c_lld_init
                0x0000000008010230       0x2c build/obj/i2c_lld.o
                0x0000000008010230                i2c_lld_init
 *fill*         0x000000000801025c        0x4 
 .text.i2c_lld_start
                0x0000000008010260      0x16c build/obj/i2c_lld.o
                0x0000000008010260                i2c_lld_start
 *fill*         0x00000000080103cc        0x4 
 .text.i2c_lld_stop
                0x00000000080103d0       0x88 build/obj/i2c_lld.o
                0x00000000080103d0                i2c_lld_stop
 *fill*         0x0000000008010458        0x8 
 .text.i2c_lld_master_receive_timeout
                0x0000000008010460       0x74 build/obj/i2c_lld.o
                0x0000000008010460                i2c_lld_master_receive_timeout
 *fill*         0x00000000080104d4        0xc 
 .text.i2c_lld_master_transmit_timeout
                0x00000000080104e0       0x8c build/obj/i2c_lld.o
                0x00000000080104e0                i2c_lld_master_transmit_timeout
 *fill*         0x000000000801056c        0x4 
 .text.usb_lld_pump
                0x0000000008010570      0x334 build/obj/usb_lld.o
                0x0000000008010570                usb_lld_pump
 *fill*         0x00000000080108a4        0xc 
 .text.otg_disable_ep.isra.0
                0x00000000080108b0       0x74 build/obj/usb_lld.o
 *fill*         0x0000000008010924        0xc 
 .text.usb_lld_init
                0x0000000008010930       0x24 build/obj/usb_lld.o
                0x0000000008010930                usb_lld_init
 *fill*         0x0000000008010954        0xc 
 .text.usb_lld_start
                0x0000000008010960       0xe4 build/obj/usb_lld.o
                0x0000000008010960                usb_lld_start
 *fill*         0x0000000008010a44        0xc 
 .text.usb_lld_stop
                0x0000000008010a50       0x44 build/obj/usb_lld.o
                0x0000000008010a50                usb_lld_stop
 *fill*         0x0000000008010a94        0xc 
 .text.usb_lld_reset
                0x0000000008010aa0       0xc4 build/obj/usb_lld.o
                0x0000000008010aa0                usb_lld_reset
 *fill*         0x0000000008010b64        0xc 
 .text.usb_lld_set_address
                0x0000000008010b70       0x18 build/obj/usb_lld.o
                0x0000000008010b70                usb_lld_set_address
 *fill*         0x0000000008010b88        0x8 
 .text.usb_lld_init_endpoint
                0x0000000008010b90      0x164 build/obj/usb_lld.o
                0x0000000008010b90                usb_lld_init_endpoint
 *fill*         0x0000000008010cf4        0xc 
 .text.usb_lld_get_status_out
                0x0000000008010d00       0x1c build/obj/usb_lld.o
                0x0000000008010d00                usb_lld_get_status_out
 *fill*         0x0000000008010d1c        0x4 
 .text.usb_lld_get_status_in
                0x0000000008010d20       0x1c build/obj/usb_lld.o
                0x0000000008010d20                usb_lld_get_status_in
 *fill*         0x0000000008010d3c        0x4 
 .text.usb_lld_read_setup
                0x0000000008010d40       0x14 build/obj/usb_lld.o
                0x0000000008010d40                usb_lld_read_setup
 *fill*         0x0000000008010d54        0xc 
 .text.usb_lld_prepare_receive
                0x0000000008010d60       0x44 build/obj/usb_lld.o
                0x0000000008010d60                usb_lld_prepare_receive
 *fill*         0x0000000008010da4        0xc 
 .text.otg_epout_handler.constprop.7
                0x0000000008010db0       0xa4 build/obj/usb_lld.o
 *fill*         0x0000000008010e54        0xc 
 .text.usb_lld_prepare_transmit
                0x0000000008010e60       0x50 build/obj/usb_lld.o
                0x0000000008010e60                usb_lld_prepare_transmit
 .text.otg_epin_handler.constprop.8
                0x0000000008010eb0       0xd4 build/obj/usb_lld.o
 *fill*         0x0000000008010f84        0xc 
 .text.Vector14C
                0x0000000008010f90       0xf4 build/obj/usb_lld.o
                0x0000000008010f90                Vector14C
 *fill*         0x0000000008011084        0xc 
 .text.usb_lld_start_out
                0x0000000008011090       0x14 build/obj/usb_lld.o
                0x0000000008011090                usb_lld_start_out
 *fill*         0x00000000080110a4        0xc 
 .text.usb_lld_start_in
                0x00000000080110b0       0x2c build/obj/usb_lld.o
                0x00000000080110b0                usb_lld_start_in
 *fill*         0x00000000080110dc        0x4 
 .text.usb_lld_stall_out
                0x00000000080110e0       0x14 build/obj/usb_lld.o
                0x00000000080110e0                usb_lld_stall_out
 *fill*         0x00000000080110f4        0xc 
 .text.usb_lld_stall_in
                0x0000000008011100       0x14 build/obj/usb_lld.o
                0x0000000008011100                usb_lld_stall_in
 *fill*         0x0000000008011114        0xc 
 .text.usb_lld_clear_out
                0x0000000008011120       0x14 build/obj/usb_lld.o
                0x0000000008011120                usb_lld_clear_out
 *fill*         0x0000000008011134        0xc 
 .text.usb_lld_clear_in
                0x0000000008011140       0x14 build/obj/usb_lld.o
                0x0000000008011140                usb_lld_clear_in
 *fill*         0x0000000008011154        0xc 
 .text.spi_lld_init
                0x0000000008011160       0x44 build/obj/spi_lld.o
                0x0000000008011160                spi_lld_init
 *fill*         0x00000000080111a4        0xc 
 .text.VectorB4
                0x00000000080111b0       0x9c build/obj/icu_lld.o
                0x00000000080111b0                VectorB4
 *fill*         0x000000000801124c        0x4 
 .text.icu_lld_init
                0x0000000008011250       0x18 build/obj/icu_lld.o
                0x0000000008011250                icu_lld_init
 *fill*         0x0000000008011268        0x8 
 .text.icu_lld_start
                0x0000000008011270       0xbc build/obj/icu_lld.o
                0x0000000008011270                icu_lld_start
 *fill*         0x000000000801132c        0x4 
 .text.icu_lld_stop
                0x0000000008011330       0x34 build/obj/icu_lld.o
                0x0000000008011330                icu_lld_stop
 *fill*         0x0000000008011364        0xc 
 .text.icu_lld_start_capture
                0x0000000008011370       0x14 build/obj/icu_lld.o
                0x0000000008011370                icu_lld_start_capture
 *fill*         0x0000000008011384        0xc 
 .text.icu_lld_enable_notifications
                0x0000000008011390       0x40 build/obj/icu_lld.o
                0x0000000008011390                icu_lld_enable_notifications
 .text.usart_stop
                0x00000000080113d0       0x48 build/obj/uart_lld.o
 *fill*         0x0000000008011418        0x8 
 .text.serve_usart_irq
                0x0000000008011420       0x78 build/obj/uart_lld.o
 *fill*         0x0000000008011498        0x8 
 .text.uart_lld_serve_tx_end_irq
                0x00000000080114a0       0x50 build/obj/uart_lld.o
 .text.uart_lld_serve_rx_end_irq
                0x00000000080114f0       0x90 build/obj/uart_lld.o
 .text.VectorDC
                0x0000000008011580       0x14 build/obj/uart_lld.o
                0x0000000008011580                VectorDC
 *fill*         0x0000000008011594        0xc 
 .text.Vector15C
                0x00000000080115a0       0x14 build/obj/uart_lld.o
                0x00000000080115a0                Vector15C
 *fill*         0x00000000080115b4        0xc 
 .text.uart_lld_init
                0x00000000080115c0       0x48 build/obj/uart_lld.o
                0x00000000080115c0                uart_lld_init
 *fill*         0x0000000008011608        0x8 
 .text.uart_lld_start
                0x0000000008011610      0x158 build/obj/uart_lld.o
                0x0000000008011610                uart_lld_start
 *fill*         0x0000000008011768        0x8 
 .text.uart_lld_stop
                0x0000000008011770       0x5c build/obj/uart_lld.o
                0x0000000008011770                uart_lld_stop
 *fill*         0x00000000080117cc        0x4 
 .text.uart_lld_start_send
                0x00000000080117d0       0x34 build/obj/uart_lld.o
                0x00000000080117d0                uart_lld_start_send
 *fill*         0x0000000008011804        0xc 
 .text._sbrk_r  0x0000000008011810       0x18 build/obj/syscalls.o
                0x0000000008011810                _sbrk_r
 *fill*         0x0000000008011828        0x8 
 .text.__early_init
                0x0000000008011830        0x4 build/obj/board.o
                0x0000000008011830                __early_init
 *fill*         0x0000000008011834        0xc 
 .text.boardInit
                0x0000000008011840        0x4 build/obj/board.o
                0x0000000008011840                boardInit
 *fill*         0x0000000008011844        0xc 
 .text.timer_thread
                0x0000000008011850       0x20 build/obj/main.o
 .text.periodic_thread
                0x0000000008011870      0x128 build/obj/main.o
 *fill*         0x0000000008011998        0x8 
 .text.startup.main
                0x00000000080119a0       0xa0 build/obj/main.o
                0x00000000080119a0                main
 .text.get_descriptor
                0x0000000008011a40       0x30 build/obj/comm_usb_serial.o
 .text.usb_event
                0x0000000008011a70       0x40 build/obj/comm_usb_serial.o
 .text.comm_usb_serial_init
                0x0000000008011ab0       0x6c build/obj/comm_usb_serial.o
                0x0000000008011ab0                comm_usb_serial_init
 *fill*         0x0000000008011b1c        0x4 
 .text.Vector88
                0x0000000008011b20       0x1c build/obj/irq_handlers.o
                0x0000000008011b20                Vector88
 *fill*         0x0000000008011b3c        0x4 
 .text.VectorE0
                0x0000000008011b40       0x20 build/obj/irq_handlers.o
                0x0000000008011b40                VectorE0
 .text.VectorB8
                0x0000000008011b60       0x24 build/obj/irq_handlers.o
                0x0000000008011b60                VectorB8
 *fill*         0x0000000008011b84        0xc 
 .text.VectorF8
                0x0000000008011b90       0x24 build/obj/irq_handlers.o
                0x0000000008011b90                VectorF8
 *fill*         0x0000000008011bb4        0xc 
 .text.buffer_append_int16
                0x0000000008011bc0       0x18 build/obj/buffer.o
                0x0000000008011bc0                buffer_append_int16
 *fill*         0x0000000008011bd8        0x8 
 .text.buffer_append_uint16
                0x0000000008011be0       0x18 build/obj/buffer.o
                0x0000000008011be0                buffer_append_uint16
 *fill*         0x0000000008011bf8        0x8 
 .text.buffer_append_int32
                0x0000000008011c00       0x2c build/obj/buffer.o
                0x0000000008011c00                buffer_append_int32
 *fill*         0x0000000008011c2c        0x4 
 .text.buffer_append_uint32
                0x0000000008011c30       0x2c build/obj/buffer.o
                0x0000000008011c30                buffer_append_uint32
 *fill*         0x0000000008011c5c        0x4 
 .text.buffer_append_float16
                0x0000000008011c60       0x2c build/obj/buffer.o
                0x0000000008011c60                buffer_append_float16
 *fill*         0x0000000008011c8c        0x4 
 .text.buffer_append_float32
                0x0000000008011c90       0x14 build/obj/buffer.o
                0x0000000008011c90                buffer_append_float32
 *fill*         0x0000000008011ca4        0xc 
 .text.buffer_append_float32_auto
                0x0000000008011cb0       0x78 build/obj/buffer.o
                0x0000000008011cb0                buffer_append_float32_auto
 *fill*         0x0000000008011d28        0x8 
 .text.buffer_get_int16
                0x0000000008011d30       0x14 build/obj/buffer.o
                0x0000000008011d30                buffer_get_int16
 *fill*         0x0000000008011d44        0xc 
 .text.buffer_get_uint16
                0x0000000008011d50       0x14 build/obj/buffer.o
                0x0000000008011d50                buffer_get_uint16
 *fill*         0x0000000008011d64        0xc 
 .text.buffer_get_int32
                0x0000000008011d70       0x24 build/obj/buffer.o
                0x0000000008011d70                buffer_get_int32
 *fill*         0x0000000008011d94        0xc 
 .text.buffer_get_uint32
                0x0000000008011da0       0x24 build/obj/buffer.o
                0x0000000008011da0                buffer_get_uint32
 *fill*         0x0000000008011dc4        0xc 
 .text.buffer_get_float32
                0x0000000008011dd0       0x14 build/obj/buffer.o
                0x0000000008011dd0                buffer_get_float32
 *fill*         0x0000000008011de4        0xc 
 .text.buffer_get_float32_auto
                0x0000000008011df0       0x4c build/obj/buffer.o
                0x0000000008011df0                buffer_get_float32_auto
 *fill*         0x0000000008011e3c        0x4 
 .text.send_packet
                0x0000000008011e40       0x1c build/obj/comm_usb.o
 *fill*         0x0000000008011e5c        0x4 
 .text.serial_process_thread
                0x0000000008011e60       0x60 build/obj/comm_usb.o
 .text.serial_read_thread
                0x0000000008011ec0       0x74 build/obj/comm_usb.o
 *fill*         0x0000000008011f34        0xc 
 .text.process_packet
                0x0000000008011f40       0x1c build/obj/comm_usb.o
 *fill*         0x0000000008011f5c        0x4 
 .text.send_packet_wrapper
                0x0000000008011f60       0x28 build/obj/comm_usb.o
 *fill*         0x0000000008011f88        0x8 
 .text.comm_usb_init
                0x0000000008011f90       0x5c build/obj/comm_usb.o
                0x0000000008011f90                comm_usb_init
 *fill*         0x0000000008011fec        0x4 
 .text.crc16    0x0000000008011ff0       0x30 build/obj/crc.o
                0x0000000008011ff0                crc16
 .text.filter_fft
                0x0000000008012020      0x1f0 build/obj/digital_filter.o
                0x0000000008012020                filter_fft
 .text.filter_hamming
                0x0000000008012210       0xd4 build/obj/digital_filter.o
                0x0000000008012210                filter_hamming
 *fill*         0x00000000080122e4        0xc 
 .text.filter_create_fir_lowpass
                0x00000000080122f0       0xc4 build/obj/digital_filter.o
                0x00000000080122f0                filter_create_fir_lowpass
 *fill*         0x00000000080123b4        0xc 
 .text.filter_run_fir_iteration
                0x00000000080123c0       0x44 build/obj/digital_filter.o
                0x00000000080123c0                filter_run_fir_iteration
 *fill*         0x0000000008012404        0xc 
 .text.filter_add_sample
                0x0000000008012410       0x24 build/obj/digital_filter.o
                0x0000000008012410                filter_add_sample
 *fill*         0x0000000008012434        0xc 
 .text.ledpwm_init
                0x0000000008012440       0x5c build/obj/ledpwm.o
                0x0000000008012440                ledpwm_init
 *fill*         0x000000000801249c        0x4 
 .text.ledpwm_set_intensity
                0x00000000080124a0       0x50 build/obj/ledpwm.o
                0x00000000080124a0                ledpwm_set_intensity
 .text.ledpwm_update_pwm
                0x00000000080124f0       0x40 build/obj/ledpwm.o
                0x00000000080124f0                ledpwm_update_pwm
 .text.update_adc_sample_pos
                0x0000000008012530      0x1d8 build/obj/mcpwm.o
 *fill*         0x0000000008012708        0x8 
 .text.update_rpm_tacho
                0x0000000008012710       0x9c build/obj/mcpwm.o
 *fill*         0x00000000080127ac        0x4 
 .text.update_sensor_mode
                0x00000000080127b0       0x58 build/obj/mcpwm.o
 *fill*         0x0000000008012808        0x8 
 .text.update_timer_attempt
                0x0000000008012810       0x78 build/obj/mcpwm.o
 *fill*         0x0000000008012888        0x8 
 .text.set_next_timer_settings
                0x0000000008012890       0x2c build/obj/mcpwm.o
 *fill*         0x00000000080128bc        0x4 
 .text.set_switching_frequency
                0x00000000080128c0       0x54 build/obj/mcpwm.o
 *fill*         0x0000000008012914        0xc 
 .text.set_duty_cycle_hw
                0x0000000008012920      0x120 build/obj/mcpwm.o
 .text.set_next_comm_step
                0x0000000008012a40      0x524 build/obj/mcpwm.o
 *fill*         0x0000000008012f64        0xc 
 .text.full_brake_hw
                0x0000000008012f70       0x80 build/obj/mcpwm.o
 .text.stop_pwm_hw
                0x0000000008012ff0       0x80 build/obj/mcpwm.o
 .text.commutate
                0x0000000008013070       0xf0 build/obj/mcpwm.o
 .text.timer_thread
                0x0000000008013160      0x250 build/obj/mcpwm.o
 .text.mcpwm_deinit
                0x00000000080133b0       0x80 build/obj/mcpwm.o
                0x00000000080133b0                mcpwm_deinit
 .text.mcpwm_init_done
                0x0000000008013430        0xc build/obj/mcpwm.o
                0x0000000008013430                mcpwm_init_done
 *fill*         0x000000000801343c        0x4 
 .text.mcpwm_init_hall_table
                0x0000000008013440       0x4c build/obj/mcpwm.o
                0x0000000008013440                mcpwm_init_hall_table
 *fill*         0x000000000801348c        0x4 
 .text.mcpwm_init
                0x0000000008013490      0x69c build/obj/mcpwm.o
                0x0000000008013490                mcpwm_init
 *fill*         0x0000000008013b2c        0x4 
 .text.mcpwm_set_configuration
                0x0000000008013b30       0x50 build/obj/mcpwm.o
                0x0000000008013b30                mcpwm_set_configuration
 .text.mcpwm_set_pid_speed
                0x0000000008013b80       0x18 build/obj/mcpwm.o
                0x0000000008013b80                mcpwm_set_pid_speed
 *fill*         0x0000000008013b98        0x8 
 .text.mcpwm_set_brake_current
                0x0000000008013ba0       0xdc build/obj/mcpwm.o
                0x0000000008013ba0                mcpwm_set_brake_current
 *fill*         0x0000000008013c7c        0x4 
 .text.mcpwm_get_comm_step
                0x0000000008013c80        0xc build/obj/mcpwm.o
                0x0000000008013c80                mcpwm_get_comm_step
 *fill*         0x0000000008013c8c        0x4 
 .text.mcpwm_get_duty_cycle_now
                0x0000000008013c90        0xc build/obj/mcpwm.o
                0x0000000008013c90                mcpwm_get_duty_cycle_now
 *fill*         0x0000000008013c9c        0x4 
 .text.mcpwm_get_switching_frequency_now
                0x0000000008013ca0        0xc build/obj/mcpwm.o
                0x0000000008013ca0                mcpwm_get_switching_frequency_now
 *fill*         0x0000000008013cac        0x4 
 .text.mcpwm_get_rpm
                0x0000000008013cb0       0x24 build/obj/mcpwm.o
                0x0000000008013cb0                mcpwm_get_rpm
 *fill*         0x0000000008013cd4        0xc 
 .text.mcpwm_get_state
                0x0000000008013ce0        0xc build/obj/mcpwm.o
                0x0000000008013ce0                mcpwm_get_state
 *fill*         0x0000000008013cec        0x4 
 .text.mcpwm_get_kv_filtered
                0x0000000008013cf0       0x1c build/obj/mcpwm.o
                0x0000000008013cf0                mcpwm_get_kv_filtered
 *fill*         0x0000000008013d0c        0x4 
 .text.mcpwm_get_tot_current
                0x0000000008013d10        0xc build/obj/mcpwm.o
                0x0000000008013d10                mcpwm_get_tot_current
 *fill*         0x0000000008013d1c        0x4 
 .text.mcpwm_get_tot_current_filtered
                0x0000000008013d20        0xc build/obj/mcpwm.o
                0x0000000008013d20                mcpwm_get_tot_current_filtered
 *fill*         0x0000000008013d2c        0x4 
 .text.mcpwm_get_tot_current_directional
                0x0000000008013d30       0x24 build/obj/mcpwm.o
                0x0000000008013d30                mcpwm_get_tot_current_directional
 *fill*         0x0000000008013d54        0xc 
 .text.mcpwm_get_tot_current_directional_filtered
                0x0000000008013d60       0x24 build/obj/mcpwm.o
                0x0000000008013d60                mcpwm_get_tot_current_directional_filtered
 *fill*         0x0000000008013d84        0xc 
 .text.mcpwm_get_tot_current_in_filtered
                0x0000000008013d90       0x20 build/obj/mcpwm.o
                0x0000000008013d90                mcpwm_get_tot_current_in_filtered
 .text.mcpwm_get_tachometer_value
                0x0000000008013db0       0x14 build/obj/mcpwm.o
                0x0000000008013db0                mcpwm_get_tachometer_value
 *fill*         0x0000000008013dc4        0xc 
 .text.mcpwm_get_tachometer_abs_value
                0x0000000008013dd0       0x14 build/obj/mcpwm.o
                0x0000000008013dd0                mcpwm_get_tachometer_abs_value
 *fill*         0x0000000008013de4        0xc 
 .text.mcpwm_stop_pwm
                0x0000000008013df0       0x28 build/obj/mcpwm.o
                0x0000000008013df0                mcpwm_stop_pwm
 *fill*         0x0000000008013e18        0x8 
 .text.mcpwm_adc_inj_int_handler
                0x0000000008013e20      0x460 build/obj/mcpwm.o
                0x0000000008013e20                mcpwm_adc_inj_int_handler
 .text.mcpwm_set_detect
                0x0000000008014280       0x60 build/obj/mcpwm.o
                0x0000000008014280                mcpwm_set_detect
 .text.mcpwm_get_detect_pos
                0x00000000080142e0      0x118 build/obj/mcpwm.o
                0x00000000080142e0                mcpwm_get_detect_pos
 *fill*         0x00000000080143f8        0x8 
 .text.mcpwm_read_reset_avg_cycle_integrator
                0x0000000008014400       0x20 build/obj/mcpwm.o
                0x0000000008014400                mcpwm_read_reset_avg_cycle_integrator
 .text.mcpwm_get_last_adc_isr_duration
                0x0000000008014420        0xc build/obj/mcpwm.o
                0x0000000008014420                mcpwm_get_last_adc_isr_duration
 *fill*         0x000000000801442c        0x4 
 .text.mcpwm_get_last_inj_adc_isr_duration
                0x0000000008014430        0xc build/obj/mcpwm.o
                0x0000000008014430                mcpwm_get_last_inj_adc_isr_duration
 *fill*         0x000000000801443c        0x4 
 .text.mcpwm_get_rpm_dep
                0x0000000008014440       0x20 build/obj/mcpwm.o
                0x0000000008014440                mcpwm_get_rpm_dep
 .text.mcpwm_is_dccal_done
                0x0000000008014460        0xc build/obj/mcpwm.o
                0x0000000008014460                mcpwm_is_dccal_done
 *fill*         0x000000000801446c        0x4 
 .text.mcpwm_switch_comm_mode
                0x0000000008014470        0xc build/obj/mcpwm.o
                0x0000000008014470                mcpwm_switch_comm_mode
 *fill*         0x000000000801447c        0x4 
 .text.mcpwm_reset_hall_detect_table
                0x0000000008014480       0x10 build/obj/mcpwm.o
                0x0000000008014480                mcpwm_reset_hall_detect_table
 .text.mcpwm_get_hall_detect_result
                0x0000000008014490       0xb0 build/obj/mcpwm.o
                0x0000000008014490                mcpwm_get_hall_detect_result
 .text.mcpwm_read_hall_phase
                0x0000000008014540       0x4c build/obj/mcpwm.o
                0x0000000008014540                mcpwm_read_hall_phase
 *fill*         0x000000000801458c        0x4 
 .text.set_duty_cycle_ll
                0x0000000008014590      0x1b4 build/obj/mcpwm.o
 *fill*         0x0000000008014744        0xc 
 .text.set_duty_cycle_hl
                0x0000000008014750      0x10c build/obj/mcpwm.o
 *fill*         0x000000000801485c        0x4 
 .text.mcpwm_set_duty
                0x0000000008014860       0x10 build/obj/mcpwm.o
                0x0000000008014860                mcpwm_set_duty
 .text.rpm_thread
                0x0000000008014870      0x3c4 build/obj/mcpwm.o
 *fill*         0x0000000008014c34        0xc 
 .text.mcpwm_set_pid_pos
                0x0000000008014c40       0x34 build/obj/mcpwm.o
                0x0000000008014c40                mcpwm_set_pid_pos
 *fill*         0x0000000008014c74        0xc 
 .text.mcpwm_set_current
                0x0000000008014c80       0x9c build/obj/mcpwm.o
                0x0000000008014c80                mcpwm_set_current
 *fill*         0x0000000008014d1c        0x4 
 .text.mcpwm_adc_int_handler
                0x0000000008014d20      0xc60 build/obj/mcpwm.o
                0x0000000008014d20                mcpwm_adc_int_handler
 .text.icuperiodcb
                0x0000000008015980        0x4 build/obj/servo_dec.o
 *fill*         0x0000000008015984        0xc 
 .text.icuwidthcb
                0x0000000008015990      0x138 build/obj/servo_dec.o
 *fill*         0x0000000008015ac8        0x8 
 .text.servodec_init
                0x0000000008015ad0       0x58 build/obj/servo_dec.o
                0x0000000008015ad0                servodec_init
 *fill*         0x0000000008015b28        0x8 
 .text.servodec_stop
                0x0000000008015b30       0x54 build/obj/servo_dec.o
                0x0000000008015b30                servodec_stop
 *fill*         0x0000000008015b84        0xc 
 .text.servodec_set_pulse_options
                0x0000000008015b90       0x20 build/obj/servo_dec.o
                0x0000000008015b90                servodec_set_pulse_options
 .text.servodec_get_servo
                0x0000000008015bb0       0x1c build/obj/servo_dec.o
                0x0000000008015bb0                servodec_get_servo
 *fill*         0x0000000008015bcc        0x4 
 .text.servodec_get_time_since_update
                0x0000000008015bd0       0x20 build/obj/servo_dec.o
                0x0000000008015bd0                servodec_get_time_since_update
 .text.servodec_get_last_pulse_len
                0x0000000008015bf0       0x1c build/obj/servo_dec.o
                0x0000000008015bf0                servodec_get_last_pulse_len
 *fill*         0x0000000008015c0c        0x4 
 .text.utils_step_towards
                0x0000000008015c10       0x38 build/obj/utils.o
                0x0000000008015c10                utils_step_towards
 *fill*         0x0000000008015c48        0x8 
 .text.utils_norm_angle
                0x0000000008015c50       0x34 build/obj/utils.o
                0x0000000008015c50                utils_norm_angle
 *fill*         0x0000000008015c84        0xc 
 .text.utils_norm_angle_rad
                0x0000000008015c90       0x5c build/obj/utils.o
                0x0000000008015c90                utils_norm_angle_rad
 *fill*         0x0000000008015cec        0x4 
 .text.utils_truncate_number
                0x0000000008015cf0       0x2c build/obj/utils.o
                0x0000000008015cf0                utils_truncate_number
 *fill*         0x0000000008015d1c        0x4 
 .text.utils_truncate_number_int
                0x0000000008015d20       0x18 build/obj/utils.o
                0x0000000008015d20                utils_truncate_number_int
 *fill*         0x0000000008015d38        0x8 
 .text.utils_truncate_number_abs
                0x0000000008015d40       0x28 build/obj/utils.o
                0x0000000008015d40                utils_truncate_number_abs
 *fill*         0x0000000008015d68        0x8 
 .text.utils_map
                0x0000000008015d70       0x1c build/obj/utils.o
                0x0000000008015d70                utils_map
 *fill*         0x0000000008015d8c        0x4 
 .text.utils_deadband
                0x0000000008015d90       0x48 build/obj/utils.o
                0x0000000008015d90                utils_deadband
 *fill*         0x0000000008015dd8        0x8 
 .text.utils_angle_difference
                0x0000000008015de0       0x54 build/obj/utils.o
                0x0000000008015de0                utils_angle_difference
 *fill*         0x0000000008015e34        0xc 
 .text.utils_angle_difference_rad
                0x0000000008015e40       0x54 build/obj/utils.o
                0x0000000008015e40                utils_angle_difference_rad
 *fill*         0x0000000008015e94        0xc 
 .text.utils_middle_of_3
                0x0000000008015ea0       0x80 build/obj/utils.o
                0x0000000008015ea0                utils_middle_of_3
 .text.utils_middle_of_3_int
                0x0000000008015f20       0x34 build/obj/utils.o
                0x0000000008015f20                utils_middle_of_3_int
 *fill*         0x0000000008015f54        0xc 
 .text.utils_fast_atan2
                0x0000000008015f60       0x94 build/obj/utils.o
                0x0000000008015f60                utils_fast_atan2
 *fill*         0x0000000008015ff4        0xc 
 .text.utils_saturate_vector_2d
                0x0000000008016000       0x94 build/obj/utils.o
                0x0000000008016000                utils_saturate_vector_2d
 *fill*         0x0000000008016094        0xc 
 .text.utils_fast_sincos_better
                0x00000000080160a0      0x10c build/obj/utils.o
                0x00000000080160a0                utils_fast_sincos_better
 *fill*         0x00000000080161ac        0x4 
 .text.utils_min_abs
                0x00000000080161b0       0x18 build/obj/utils.o
                0x00000000080161b0                utils_min_abs
 *fill*         0x00000000080161c8        0x8 
 .text.utils_max_abs
                0x00000000080161d0       0x18 build/obj/utils.o
                0x00000000080161d0                utils_max_abs
 *fill*         0x00000000080161e8        0x8 
 .text.utils_throttle_curve
                0x00000000080161f0      0x158 build/obj/utils.o
                0x00000000080161f0                utils_throttle_curve
 *fill*         0x0000000008016348        0x8 
 .text.utils_sys_lock_cnt
                0x0000000008016350       0x18 build/obj/utils.o
                0x0000000008016350                utils_sys_lock_cnt
 *fill*         0x0000000008016368        0x8 
 .text.utils_sys_unlock_cnt
                0x0000000008016370       0x1c build/obj/utils.o
                0x0000000008016370                utils_sys_unlock_cnt
 *fill*         0x000000000801638c        0x4 
 .text.packet_init
                0x0000000008016390       0x14 build/obj/packet.o
                0x0000000008016390                packet_init
 *fill*         0x00000000080163a4        0xc 
 .text.packet_send_packet
                0x00000000080163b0       0x88 build/obj/packet.o
                0x00000000080163b0                packet_send_packet
 *fill*         0x0000000008016438        0x8 
 .text.packet_timerfunc
                0x0000000008016440       0x44 build/obj/packet.o
                0x0000000008016440                packet_timerfunc
 *fill*         0x0000000008016484        0xc 
 .text.packet_process_byte
                0x0000000008016490      0x168 build/obj/packet.o
                0x0000000008016490                packet_process_byte
 *fill*         0x00000000080165f8        0x8 
 .text.terminal_process_string
                0x0000000008016600     0x1100 build/obj/terminal.o
                0x0000000008016600                terminal_process_string
 .text.terminal_add_fault_data
                0x0000000008017700       0x44 build/obj/terminal.o
                0x0000000008017700                terminal_add_fault_data
 *fill*         0x0000000008017744        0xc 
 .text.terminal_register_command_callback
                0x0000000008017750       0x9c build/obj/terminal.o
                0x0000000008017750                terminal_register_command_callback
 *fill*         0x00000000080177ec        0x4 
 .text.conf_general_init
                0x00000000080177f0       0x54 build/obj/conf_general.o
                0x00000000080177f0                conf_general_init
 *fill*         0x0000000008017844        0xc 
 .text.conf_general_get_default_app_configuration
                0x0000000008017850      0x144 build/obj/conf_general.o
                0x0000000008017850                conf_general_get_default_app_configuration
 *fill*         0x0000000008017994        0xc 
 .text.conf_general_get_default_mc_configuration
                0x00000000080179a0      0x314 build/obj/conf_general.o
                0x00000000080179a0                conf_general_get_default_mc_configuration
 *fill*         0x0000000008017cb4        0xc 
 .text.conf_general_read_app_configuration
                0x0000000008017cc0       0x44 build/obj/conf_general.o
                0x0000000008017cc0                conf_general_read_app_configuration
 *fill*         0x0000000008017d04        0xc 
 .text.conf_general_store_app_configuration
                0x0000000008017d10       0x74 build/obj/conf_general.o
                0x0000000008017d10                conf_general_store_app_configuration
 *fill*         0x0000000008017d84        0xc 
 .text.conf_general_read_mc_configuration
                0x0000000008017d90       0x44 build/obj/conf_general.o
                0x0000000008017d90                conf_general_read_mc_configuration
 *fill*         0x0000000008017dd4        0xc 
 .text.conf_general_store_mc_configuration
                0x0000000008017de0       0x74 build/obj/conf_general.o
                0x0000000008017de0                conf_general_store_mc_configuration
 *fill*         0x0000000008017e54        0xc 
 .text.conf_general_detect_motor_param
                0x0000000008017e60      0x340 build/obj/conf_general.o
                0x0000000008017e60                conf_general_detect_motor_param
 .text.conf_general_measure_flux_linkage
                0x00000000080181a0      0x2e4 build/obj/conf_general.o
                0x00000000080181a0                conf_general_measure_flux_linkage
 *fill*         0x0000000008018484        0xc 
 .text.EE_VerifyPageFullWriteVariable
                0x0000000008018490       0x7c build/obj/eeprom.o
 *fill*         0x000000000801850c        0x4 
 .text.EE_EraseSectorIfNotEmpty.constprop.1
                0x0000000008018510       0x30 build/obj/eeprom.o
 .text.EE_Format
                0x0000000008018540       0x2c build/obj/eeprom.o
 *fill*         0x000000000801856c        0x4 
 .text.EE_ReadVariable
                0x0000000008018570       0x70 build/obj/eeprom.o
                0x0000000008018570                EE_ReadVariable
 .text.EE_Init  0x00000000080185e0      0x150 build/obj/eeprom.o
                0x00000000080185e0                EE_Init
 .text.EE_WriteVariable
                0x0000000008018730       0xbc build/obj/eeprom.o
                0x0000000008018730                EE_WriteVariable
 *fill*         0x00000000080187ec        0x4 
 .text.detect_thread
                0x00000000080187f0      0x10c build/obj/commands.o
 *fill*         0x00000000080188fc        0x4 
 .text.commands_init
                0x0000000008018900       0x24 build/obj/commands.o
                0x0000000008018900                commands_init
 *fill*         0x0000000008018924        0xc 
 .text.commands_set_send_func
                0x0000000008018930        0xc build/obj/commands.o
                0x0000000008018930                commands_set_send_func
 *fill*         0x000000000801893c        0x4 
 .text.commands_send_packet
                0x0000000008018940       0x10 build/obj/commands.o
                0x0000000008018940                commands_send_packet
 .text.commands_printf
                0x0000000008018950       0x44 build/obj/commands.o
                0x0000000008018950                commands_printf
 *fill*         0x0000000008018994        0xc 
 .text.commands_send_rotor_pos
                0x00000000080189a0       0x40 build/obj/commands.o
                0x00000000080189a0                commands_send_rotor_pos
 .text.commands_get_disp_pos_mode
                0x00000000080189e0        0xc build/obj/commands.o
                0x00000000080189e0                commands_get_disp_pos_mode
 *fill*         0x00000000080189ec        0x4 
 .text.commands_send_appconf
                0x00000000080189f0      0x2c8 build/obj/commands.o
                0x00000000080189f0                commands_send_appconf
 *fill*         0x0000000008018cb8        0x8 
 .text.commands_process_packet
                0x0000000008018cc0     0x1704 build/obj/commands.o
                0x0000000008018cc0                commands_process_packet
 *fill*         0x000000000801a3c4        0xc 
 .text.timeout_thread
                0x000000000801a3d0       0x80 build/obj/timeout.o
 .text.timeout_init
                0x000000000801a450       0x48 build/obj/timeout.o
                0x000000000801a450                timeout_init
 *fill*         0x000000000801a498        0x8 
 .text.timeout_configure
                0x000000000801a4a0       0x14 build/obj/timeout.o
                0x000000000801a4a0                timeout_configure
 *fill*         0x000000000801a4b4        0xc 
 .text.timeout_reset
                0x000000000801a4c0       0x20 build/obj/timeout.o
                0x000000000801a4c0                timeout_reset
 .text.timeout_has_timeout
                0x000000000801a4e0        0xc build/obj/timeout.o
                0x000000000801a4e0                timeout_has_timeout
 *fill*         0x000000000801a4ec        0x4 
 .text.timeout_get_timeout_msec
                0x000000000801a4f0        0xc build/obj/timeout.o
                0x000000000801a4f0                timeout_get_timeout_msec
 *fill*         0x000000000801a4fc        0x4 
 .text.timeout_get_brake_current
                0x000000000801a500        0xc build/obj/timeout.o
                0x000000000801a500                timeout_get_brake_current
 *fill*         0x000000000801a50c        0x4 
 .text.cancom_process_thread
                0x000000000801a510      0x3bc build/obj/comm_can.o
 *fill*         0x000000000801a8cc        0x4 
 .text.cancom_read_thread
                0x000000000801a8d0       0xc4 build/obj/comm_can.o
 *fill*         0x000000000801a994        0xc 
 .text.comm_can_init
                0x000000000801a9a0       0xb0 build/obj/comm_can.o
                0x000000000801a9a0                comm_can_init
 .text.comm_can_set_baud
                0x000000000801aa50       0x54 build/obj/comm_can.o
                0x000000000801aa50                comm_can_set_baud
 *fill*         0x000000000801aaa4        0xc 
 .text.comm_can_transmit_eid
                0x000000000801aab0       0x54 build/obj/comm_can.o
                0x000000000801aab0                comm_can_transmit_eid
 *fill*         0x000000000801ab04        0xc 
 .text.cancom_status_thread
                0x000000000801ab10       0xb0 build/obj/comm_can.o
 .text.comm_can_send_buffer
                0x000000000801abc0      0x15c build/obj/comm_can.o
                0x000000000801abc0                comm_can_send_buffer
 *fill*         0x000000000801ad1c        0x4 
 .text.send_packet_wrapper
                0x000000000801ad20       0x18 build/obj/comm_can.o
 *fill*         0x000000000801ad38        0x8 
 .text.comm_can_set_duty
                0x000000000801ad40       0x38 build/obj/comm_can.o
                0x000000000801ad40                comm_can_set_duty
 *fill*         0x000000000801ad78        0x8 
 .text.comm_can_set_current
                0x000000000801ad80       0x3c build/obj/comm_can.o
                0x000000000801ad80                comm_can_set_current
 *fill*         0x000000000801adbc        0x4 
 .text.comm_can_set_current_brake
                0x000000000801adc0       0x3c build/obj/comm_can.o
                0x000000000801adc0                comm_can_set_current_brake
 *fill*         0x000000000801adfc        0x4 
 .text.comm_can_set_current_rel
                0x000000000801ae00       0x30 build/obj/comm_can.o
                0x000000000801ae00                comm_can_set_current_rel
 .text.comm_can_set_current_brake_rel
                0x000000000801ae30       0x30 build/obj/comm_can.o
                0x000000000801ae30                comm_can_set_current_brake_rel
 .text.comm_can_get_status_msg_index
                0x000000000801ae60       0x18 build/obj/comm_can.o
                0x000000000801ae60                comm_can_get_status_msg_index
 *fill*         0x000000000801ae78        0x8 
 .text.led_external_set_state
                0x000000000801ae80        0xc build/obj/led_external.o
                0x000000000801ae80                led_external_set_state
 *fill*         0x000000000801ae8c        0x4 
 .text.led_external_set_reversed
                0x000000000801ae90        0xc build/obj/led_external.o
                0x000000000801ae90                led_external_set_reversed
 *fill*         0x000000000801ae9c        0x4 
 .text.encoder_deinit
                0x000000000801aea0       0x74 build/obj/encoder.o
                0x000000000801aea0                encoder_deinit
 *fill*         0x000000000801af14        0xc 
 .text.encoder_init_abi
                0x000000000801af20       0xb4 build/obj/encoder.o
                0x000000000801af20                encoder_init_abi
 *fill*         0x000000000801afd4        0xc 
 .text.encoder_init_as5047p_spi
                0x000000000801afe0       0x98 build/obj/encoder.o
                0x000000000801afe0                encoder_init_as5047p_spi
 *fill*         0x000000000801b078        0x8 
 .text.encoder_is_configured
                0x000000000801b080       0x10 build/obj/encoder.o
                0x000000000801b080                encoder_is_configured
 .text.encoder_read_deg
                0x000000000801b090       0x64 build/obj/encoder.o
                0x000000000801b090                encoder_read_deg
 *fill*         0x000000000801b0f4        0xc 
 .text.encoder_reset
                0x000000000801b100       0x80 build/obj/encoder.o
                0x000000000801b100                encoder_reset
 .text.encoder_tim_isr
                0x000000000801b180       0x94 build/obj/encoder.o
                0x000000000801b180                encoder_tim_isr
 *fill*         0x000000000801b214        0xc 
 .text.encoder_set_counts
                0x000000000801b220       0x2c build/obj/encoder.o
                0x000000000801b220                encoder_set_counts
 *fill*         0x000000000801b24c        0x4 
 .text.encoder_index_found
                0x000000000801b250        0xc build/obj/encoder.o
                0x000000000801b250                encoder_index_found
 *fill*         0x000000000801b25c        0x4 
 .text.flash_helper_erase_new_app
                0x000000000801b260       0x88 build/obj/flash_helper.o
                0x000000000801b260                flash_helper_erase_new_app
 *fill*         0x000000000801b2e8        0x8 
 .text.flash_helper_write_new_app_data
                0x000000000801b2f0       0x60 build/obj/flash_helper.o
                0x000000000801b2f0                flash_helper_write_new_app_data
 .text.flash_helper_jump_to_bootloader
                0x000000000801b350       0x8c build/obj/flash_helper.o
                0x000000000801b350                flash_helper_jump_to_bootloader
 *fill*         0x000000000801b3dc        0x4 
 .text.flash_helper_get_sector_address
                0x000000000801b3e0       0x2c build/obj/flash_helper.o
                0x000000000801b3e0                flash_helper_get_sector_address
 *fill*         0x000000000801b40c        0x4 
 .text.sample_send_thread
                0x000000000801b410      0x23c build/obj/mc_interface.o
 *fill*         0x000000000801b64c        0x4 
 .text.mc_interface_set_handbrake.part.3
                0x000000000801b650       0x1c build/obj/mc_interface.o
 *fill*         0x000000000801b66c        0x4 
 .text.mc_interface_init
                0x000000000801b670      0x178 build/obj/mc_interface.o
                0x000000000801b670                mc_interface_init
 *fill*         0x000000000801b7e8        0x8 
 .text.mc_interface_get_configuration
                0x000000000801b7f0        0x8 build/obj/mc_interface.o
                0x000000000801b7f0                mc_interface_get_configuration
 *fill*         0x000000000801b7f8        0x8 
 .text.mc_interface_dccal_done
                0x000000000801b800       0x20 build/obj/mc_interface.o
                0x000000000801b800                mc_interface_dccal_done
 .text.mc_interface_lock
                0x000000000801b820        0xc build/obj/mc_interface.o
                0x000000000801b820                mc_interface_lock
 *fill*         0x000000000801b82c        0x4 
 .text.mc_interface_unlock
                0x000000000801b830        0xc build/obj/mc_interface.o
                0x000000000801b830                mc_interface_unlock
 *fill*         0x000000000801b83c        0x4 
 .text.mc_interface_lock_override_once
                0x000000000801b840        0xc build/obj/mc_interface.o
                0x000000000801b840                mc_interface_lock_override_once
 *fill*         0x000000000801b84c        0x4 
 .text.mc_interface_get_fault
                0x000000000801b850        0xc build/obj/mc_interface.o
                0x000000000801b850                mc_interface_get_fault
 *fill*         0x000000000801b85c        0x4 
 .text.mc_interface_fault_to_string
                0x000000000801b860       0x18 build/obj/mc_interface.o
                0x000000000801b860                mc_interface_fault_to_string
 *fill*         0x000000000801b878        0x8 
 .text.mc_interface_get_state
                0x000000000801b880       0x20 build/obj/mc_interface.o
                0x000000000801b880                mc_interface_get_state